[09/29/2026 16:43:28][INFO]:	Reading UID database.
[09/29/2026 16:43:28][INFO]:	Start loading STAAD model.
[09/29/2026 16:43:28][INFO]:	Reading model file.
[09/29/2026 16:43:28][INFO]:	Reading model file is complete.
[09/29/2026 16:43:28][INFO]:	Processing support.
[09/29/2026 16:43:28][INFO]:	Processing springs.
[09/29/2026 16:43:28][INFO]:	Processing properties.
[09/29/2026 16:43:28][INFO]:	Processing physical properties.
[09/29/2026 16:43:28][INFO]:	Processing constants.
[09/29/2026 16:43:28][INFO]:	Processing BETA constants.
[09/29/2026 16:43:28][INFO]:	Processing hidden analytical member loads.
[09/29/2026 16:43:28][INFO]:	Processing command list for member release.
[09/29/2026 16:43:28][INFO]:	Processing command list for member offset.
[09/29/2026 16:43:28][INFO]:	Processing command list for member specs (cracked).
[09/29/2026 16:43:28][INFO]:	Processing command list for member specs (axial).
[09/29/2026 16:43:28][INFO]:	Processing command list for element release.
[09/29/2026 16:43:28][INFO]:	Processing command list for element offset.
[09/29/2026 16:43:28][INFO]:	Processing command list for element plate stress directive.
[09/29/2026 16:43:28][INFO]:	Processing parameter for Chinese wind load case.
[09/29/2026 16:43:28][INFO]:	End Processing command list.
[09/29/2026 16:43:28][INFO]:	End loading STAAD model.
[09/29/2026 16:43:28][INFO]:	Start Post Analysis method
[09/29/2026 16:43:28][INFO]:	Removed all hidden plates from surfaces
[09/29/2026 16:43:28][INFO]:	Removed all hidden plates
[09/29/2026 16:43:28][INFO]:	Removed all hidden nodes
[09/29/2026 16:43:28][INFO]:	Loading results from MSH file...
[09/29/2026 16:43:28][INFO]:	Building result indices...
[09/29/2026 16:43:28][INFO]:	Set analysis report setup data
[09/29/2026 16:43:28][INFO]:	Starting page setup...
[09/29/2026 16:43:28][INFO]:	Page setup completed
[09/29/2026 16:43:28][INFO]:	Setting available workflows...
[09/29/2026 16:43:28][INFO]:	Post analysis method ends
